---
source: src/lexer.rs
input_file: src/test_data/lexer/empty_file.txt
---
[
  Eod(
    loc: CharLoc(
      fo_range: RangeInclusive(
        start: 0,
        end: 0,
      ),
      line_n: LineNumberOneBased(1),
      char_n: CharNumberOneBased(1),
    ),
  ),
]
