---
source: src/tokenizer.rs
input_file: src/test_data/tokenizer/empty_file.txt
---
[
  Eod(
    file_size: 0,
    last_line: LineNum(1),
  ),
]
