---
source: src/source_chars.rs
input_file: src/test_data/source_chars/empty_file.bin
---
[
  Eof(
    file_size: 0,
    last_line: LineNum(1),
  ),
]
